# Copyright (c) 2023 Huawei Device Co., Ltd.
# Licensed under the Apache License, Version 2.0 (the "License");
# you may not use this file except in compliance with the License.
# You may obtain a copy of the License at
#
# http://www.apache.org/licenses/LICENSE-2.0
#
# Unless required by applicable law or agreed to in writing, software
# distributed under the License is distributed on an "AS IS" BASIS,
# WITHOUT WARRANTIES OR CONDITIONS OF ANY KIND, either express or implied.
# See the License for the specific language governing permissions and
# limitations under the License.

{
  global:
    extern "C++" {
        *OHOS::AAFwk::FormInfoStorage*;
        *OHOS::AbilityRuntime::WantAgent*;
        *OHOS::AbilityRuntime::JsFormStateObserverProxy*;
        *OHOS::AppExecFwk::BundleFormInfo*;
        *OHOS::AppExecFwk::Common::FormBaseSerialQueue*;
        *OHOS::AppExecFwk::Common::FormSingletonQueueBase*;
        *OHOS::AppExecFwk::Common::FormTimeUtil*;
        *OHOS::AppExecFwk::Common::ITaskWrapperStrategy*;
        *OHOS::AppExecFwk::Common::NoWrapStrategy*;
        *OHOS::AppExecFwk::Common::XCollieTimeoutStrategy*;
        *OHOS::AppExecFwk::FormAbilityConnection*;
        *OHOS::AppExecFwk::FormAbilityConnectionReporter*;
        *OHOS::AppExecFwk::FormAbnormalReporter*;
        *OHOS::AppExecFwk::FormAcquireConnection*;
        *OHOS::AppExecFwk::FormAcquireDataConnection*;
        *OHOS::AppExecFwk::FormAcquireStateConnection*;
        *OHOS::AppExecFwk::FormAmsAdapter*;
        *OHOS::AppExecFwk::FormAmsHelper*;
        *OHOS::AppExecFwk::FormAppMgrHelper*;
        *OHOS::AppExecFwk::FormBackgroundConnection*;
        *OHOS::AppExecFwk::FormBaseInfoMgr*;
        *OHOS::AppExecFwk::FormBasicInfoMgr*;
        *OHOS::AppExecFwk::FormBatchDeleteConnection*;
        *OHOS::AppExecFwk::FormBmsHelper*;
        *OHOS::AppExecFwk::FormBundleEventCallback*;
        *OHOS::AppExecFwk::FormBundleForbidMgr*;
        *OHOS::AppExecFwk::FormBundleLockMgr*;
        *OHOS::AppExecFwk::FormCacheMgr*;
        *OHOS::AppExecFwk::FormCallerMgr*;
        *OHOS::AppExecFwk::FormCallbackAdapter*;
        *OHOS::AppExecFwk::FormCastTempConnection*;
        *OHOS::AppExecFwk::FormConfigurationUpdateConnection*;
        *OHOS::AppExecFwk::FormCustConfigMgr*;
        *OHOS::AppExecFwk::FormCommonAdapter*;
        *OHOS::AppExecFwk::FormDataMgr*;
        *OHOS::AppExecFwk::FormDataProxyMgr*;
        *OHOS::AppExecFwk::FormDataAdapter*;
        *OHOS::AppExecFwk::FormDbCache*;
        *OHOS::AppExecFwk::FormDebugAdapter*;
        *OHOS::AppExecFwk::FormDeleteConnection*;
        *OHOS::AppExecFwk::FormDistributedClient*;
        *OHOS::AppExecFwk::FormDistributedMgr*;
        *OHOS::AppExecFwk::FormDumpMgr*;
        *OHOS::AppExecFwk::FormEcologicalRuleClient*;
        *OHOS::AppExecFwk::FormEcologicalRuleProxy*;
        *OHOS::AppExecFwk::FormEditService*;
        *OHOS::AppExecFwk::FormEventAdapter*;
        *OHOS::AppExecFwk::FormEventHandler*;
        *OHOS::AppExecFwk::FormEventNotifyConnection*;
        *OHOS::AppExecFwk::FormEventQueue*;
        *OHOS::AppExecFwk::FormEventReport*;
        *OHOS::AppExecFwk::FormEventRetryMgr*;
        *OHOS::AppExecFwk::FormEventTimeoutQueue*;
        *OHOS::AppExecFwk::FormEventUtil*;
        *OHOS::AppExecFwk::FormExemptLockMgr*;
        *OHOS::AppExecFwk::FormFreeInstallOperator*;
        *OHOS::AppExecFwk::FormHistogramUtils*;
        *OHOS::AppExecFwk::FormHostCallback*;
        *OHOS::AppExecFwk::FormHostProxy*;
        *OHOS::AppExecFwk::FormHostQueue*;
        *OHOS::AppExecFwk::FormHostRecord*;
        *OHOS::AppExecFwk::FormHostTaskMgr*;
        *OHOS::AppExecFwk::FormInfoHelper*;
        *OHOS::AppExecFwk::FormInfoMgr*;
        *OHOS::AppExecFwk::FormInfoRdbStorageMgr*;
        *OHOS::AppExecFwk::FormItemInfo*;
        *OHOS::AppExecFwk::FormLifecycleAdapter*;
        *OHOS::AppExecFwk::FormLocationConnection*;
        *OHOS::AppExecFwk::FormMgrAdapterFacade*;
        *OHOS::AppExecFwk::FormMgrHostAdapter*;
        *OHOS::AppExecFwk::FormMgrQueue*;
        *OHOS::AppExecFwk::FormMgrService*;
        *OHOS::AppExecFwk::FormMgrStub*;
        *OHOS::AppExecFwk::FormMsgEventConnection*;
        *OHOS::AppExecFwk::FormNotifyInterface*;
        *OHOS::AppExecFwk::FormObserverAdapter*;
        *OHOS::AppExecFwk::FormObserverTaskMgr*;
        *OHOS::AppExecFwk::FormParamControl*;
        *OHOS::AppExecFwk::FormProviderCaller*;
        *OHOS::AppExecFwk::FormProviderData*;
        *OHOS::AppExecFwk::FormProviderMgr*;
        *OHOS::AppExecFwk::FormProviderProxy*;
        *OHOS::AppExecFwk::FormProviderQueue*;
        *OHOS::AppExecFwk::FormProviderTaskMgr*;
        *OHOS::AppExecFwk::FormProxyRegistry*;
        *OHOS::AppExecFwk::FormPublishAdapter*;
        *OHOS::AppExecFwk::FormPublishInterceptorProxy*;
        *OHOS::AppExecFwk::FormQueryAdapter*;
        *OHOS::AppExecFwk::FormRdbDataMgr*;
        *OHOS::AppExecFwk::FormRecordReport*;
        *OHOS::AppExecFwk::FormRefreshConnection*;
        *OHOS::AppExecFwk::FormRefreshLimiter*;
        *OHOS::AppExecFwk::FormRefreshMgr*;
        *OHOS::AppExecFwk::FormRenderConnection*;
        *OHOS::AppExecFwk::FormRenderMgr*;
        *OHOS::AppExecFwk::FormRenderMgrInner*;
        *OHOS::AppExecFwk::FormRenderQueue*;
        *OHOS::AppExecFwk::FormRenderReady*;
        *OHOS::AppExecFwk::FormRenderReport*;
        *OHOS::AppExecFwk::FormRenderService*;
        *OHOS::AppExecFwk::FormRenderTaskMgr*;
        *OHOS::AppExecFwk::FormReport*;
        *OHOS::AppExecFwk::FormResSched*;
        *OHOS::AppExecFwk::FormRouterProxyMgr*;
        *OHOS::AppExecFwk::FormSandboxRenderMgrInner*;
        *OHOS::AppExecFwk::FormSerialQueue*;
        *OHOS::AppExecFwk::FormShareConnection*;
        *OHOS::AppExecFwk::FormShareMgr*;
        *OHOS::AppExecFwk::FormShareTaskMgr*;
        *OHOS::AppExecFwk::FormStatus*;
        *OHOS::AppExecFwk::FormSupplyCallback*;
        *OHOS::AppExecFwk::FormSupplyStub*;
        *OHOS::AppExecFwk::FormSysEventReceiver*;
        *OHOS::AppExecFwk::FormSystemloadListener*;
        *OHOS::AppExecFwk::FormTaskMgr*;
        *OHOS::AppExecFwk::FormTimer*;
        *OHOS::AppExecFwk::FormTimerMgr*;
        *OHOS::AppExecFwk::FormTimerOption*;
        *OHOS::AppExecFwk::FormTrustMgr*;
        *OHOS::AppExecFwk::FormUpdateSizeConnection*;
        *OHOS::AppExecFwk::FormUtil*;
        *OHOS::AppExecFwk::FormVisibilityAdapter*;
        *OHOS::AppExecFwk::FreeInstallStatusCallBack*;
        *OHOS::AppExecFwk::InnerFormInfo*;
        *OHOS::AppExecFwk::KvStoreDeathRecipientCallbackFormInfoStorage*;
        *OHOS::AppExecFwk::ParamControl*;
        *OHOS::AppExecFwk::ProviderConnectStub*;
        *OHOS::AppExecFwk::RefreshCacheMgr*;
        *OHOS::AppExecFwk::ThemeManagerThemeFormInfoByParcel*;
    };
  local:
    *;
};
