# Copyright (c) 2023 Huawei Device Co., Ltd.
# Licensed under the Apache License, Version 2.0 (the "License");
# you may not use this file except in compliance with the License.
# You may obtain a copy of the License at
#
# http://www.apache.org/licenses/LICENSE-2.0
#
# Unless required by applicable law or agreed to in writing, software
# distributed under the License is distributed on an "AS IS" BASIS,
# WITHOUT WARRANTIES OR CONDITIONS OF ANY KIND, either express or implied.
# See the License for the specific language governing permissions and
# limitations under the License.

{
  global:
    extern "C++" {
        *OHOS::AAFwk::FormInfoStorage*;
        *OHOS::AbilityRuntime::WantAgent*;
        *OHOS::AppExecFwk::BundleFormInfo*;
        *OHOS::AppExecFwk::FormAbilityConnection*;
        *OHOS::AppExecFwk::FormAcquireConnection*;
        *OHOS::AppExecFwk::FormAcquireStateConnection*;
        *OHOS::AppExecFwk::FormAmsHelper*;
        *OHOS::AppExecFwk::FormBatchDeleteConnection*;
        *OHOS::AppExecFwk::FormBmsHelper*;
        *OHOS::AppExecFwk::FormBundleEventCallback*;
        *OHOS::AppExecFwk::FormCacheMgr*;
        *OHOS::AppExecFwk::FormCallerMgr*;
        *OHOS::AppExecFwk::FormCastTempConnection*;
        *OHOS::AppExecFwk::FormDataMgr*;
        *OHOS::AppExecFwk::FormDbCache*;
        *OHOS::AppExecFwk::FormDeleteConnection*;
        *OHOS::AppExecFwk::FormDistributedClient*;
        *OHOS::AppExecFwk::FormDumpMgr*;
        *OHOS::AppExecFwk::FormEventHandler*;
        *OHOS::AppExecFwk::FormEventNotifyConnection*;
        *OHOS::AppExecFwk::FormEventReport*;
        *OHOS::AppExecFwk::FormEventUtil*;
        *OHOS::AppExecFwk::FormFreeInstallOperator*;
        *OHOS::AppExecFwk::FormHostCallback*;
        *OHOS::AppExecFwk::FormHostRecord*;
        *OHOS::AppExecFwk::FormInfoHelper*;
        *OHOS::AppExecFwk::FormInfoMgr*;
        *OHOS::AppExecFwk::FormInfoRdbStorageMgr*;
        *OHOS::AppExecFwk::FormItemInfo*;
        *OHOS::AppExecFwk::FormMgrAdapter*;
        *OHOS::AppExecFwk::FormMgrService*;
        *OHOS::AppExecFwk::FormMsgEventConnection*;
        *OHOS::AppExecFwk::FormProviderCaller*;
        *OHOS::AppExecFwk::FormProviderData*;
        *OHOS::AppExecFwk::FormProviderMgr*;
        *OHOS::AppExecFwk::FormRdbDataMgr*;
        *OHOS::AppExecFwk::FormRefreshConnection*;
        *OHOS::AppExecFwk::FormRefreshLimiter*;
        *OHOS::AppExecFwk::FormRefreshMgr*;
        *OHOS::AppExecFwk::FormRenderConnection*;
        *OHOS::AppExecFwk::FormRenderMgr*;
        *OHOS::AppExecFwk::FormRenderMgrInner*;
        *OHOS::AppExecFwk::FormRouterProxyMgr*;
        *OHOS::AppExecFwk::FormSandboxRenderMgrInner*;
        *OHOS::AppExecFwk::FormSerialQueue*;
        *OHOS::AppExecFwk::FormShareConnection*;
        *OHOS::AppExecFwk::FormShareMgr*;
        *OHOS::AppExecFwk::FormSupplyCallback*;
        *OHOS::AppExecFwk::FormSysEventReceiver*;
        *OHOS::AppExecFwk::FormTaskMgr*;
        *OHOS::AppExecFwk::FormTimerMgr*;
        *OHOS::AppExecFwk::FormUtil*;
        *OHOS::AppExecFwk::FreeInstallStatusCallBack*;
        *OHOS::AppExecFwk::InnerFormInfo*;
        *OHOS::AppExecFwk::KvStoreDeathRecipientCallbackFormInfoStorage*;
        *OHOS::AppExecFwk::FormSystemloadListener*;
    };
  local:
    *;
};
